// Jest Snapshot v1, https://goo.gl/fbAQLP

exports[`matches snapshot 1`] = `
<DocumentFragment>
  <p
    class="ContactInfo-para"
  >
    <strong>
      undefined: 
    </strong>
  </p>
</DocumentFragment>
`;
